   1               		.file	"analog.c"
   2               	__SREG__ = 0x3f
   3               	__SP_H__ = 0x3e
   4               	__SP_L__ = 0x3d
   5               	__CCP__  = 0x34
   6               	__tmp_reg__ = 0
   7               	__zero_reg__ = 1
  15               	.Ltext0:
  16               		.section	.text.analogRead,"ax",@progbits
  17               	.global	analogRead
  19               	analogRead:
  20               	.LFB2:
  21               	.LSM0:
  22               	.LVL0:
  23               	/* prologue: function */
  24               	/* frame size = 0 */
  25               	.LSM1:
  26 0000 8C30      		cpi r24,lo8(12)
  27 0002 00F0      		brlo .L2
  28 0004 20E0      		ldi r18,lo8(0)
  29 0006 30E0      		ldi r19,hi8(0)
  30 0008 00C0      		rjmp .L3
  31               	.L2:
  32               	.LBB2:
  33               	.LSM2:
  34 000a E82F      		mov r30,r24
  35 000c F0E0      		ldi r31,lo8(0)
  36               	.LVL1:
  37 000e E050      		subi r30,lo8(-(adc_mapping))
  38 0010 F040      		sbci r31,hi8(-(adc_mapping))
  39               	.LVL2:
  40               	/* #APP */
  41               	 ;  22 "analog.c" 1
  42 0012 3491      		lpm r19, Z
  43               		
  44               	 ;  0 "" 2
  45               	.LVL3:
  46               	/* #NOAPP */
  47 0014 4091 0000 		lds r20,analog_reference_config_val
  48               	.LBE2:
  49               	.LSM3:
  50 0018 3830      		cpi r19,lo8(8)
  51 001a 00F4      		brsh .L4
  52               	.LSM4:
  53 001c 2091 7E00 		lds r18,126
  54 0020 81E0      		ldi r24,lo8(1)
  55 0022 90E0      		ldi r25,hi8(1)
  56 0024 032E      		mov r0,r19
  57 0026 00C0      		rjmp 2f
  58 0028 880F      	1:	lsl r24
  59 002a 991F      		rol r25
  60 002c 0A94      	2:	dec r0
  61 002e 02F4      		brpl 1b
  62 0030 282B      		or r18,r24
  63 0032 2093 7E00 		sts 126,r18
  64               	.LSM5:
  65 0036 1092 7B00 		sts 123,__zero_reg__
  66 003a 00C0      		rjmp .L9
  67               	.L4:
  68               	.LSM6:
  69 003c 3850      		subi r19,lo8(-(-8))
  70               	.LVL4:
  71               	.LSM7:
  72 003e 2091 7D00 		lds r18,125
  73 0042 81E0      		ldi r24,lo8(1)
  74 0044 90E0      		ldi r25,hi8(1)
  75 0046 032E      		mov r0,r19
  76 0048 00C0      		rjmp 2f
  77 004a 880F      	1:	lsl r24
  78 004c 991F      		rol r25
  79 004e 0A94      	2:	dec r0
  80 0050 02F4      		brpl 1b
  81 0052 282B      		or r18,r24
  82 0054 2093 7D00 		sts 125,r18
  83               	.LSM8:
  84 0058 80E2      		ldi r24,lo8(32)
  85 005a 8093 7B00 		sts 123,r24
  86               	.LVL5:
  87               	.L9:
  88               	.LSM9:
  89 005e 342B      		or r19,r20
  90               	.LVL6:
  91 0060 3093 7C00 		sts 124,r19
  92               	.LSM10:
  93 0064 87EC      		ldi r24,lo8(-57)
  94 0066 8093 7A00 		sts 122,r24
  95               	.L6:
  96               	.LSM11:
  97 006a 8091 7A00 		lds r24,122
  98 006e 86FD      		sbrc r24,6
  99 0070 00C0      		rjmp .L6
 100               	.LSM12:
 101 0072 3091 7800 		lds r19,120
 102               	.LVL7:
 103               	.LSM13:
 104 0076 2091 7900 		lds r18,121
 105 007a 922F      		mov r25,r18
 106 007c 80E0      		ldi r24,lo8(0)
 107 007e 232F      		mov r18,r19
 108 0080 30E0      		ldi r19,lo8(0)
 109               	.LVL8:
 110 0082 282B      		or r18,r24
 111 0084 392B      		or r19,r25
 112               	.LVL9:
 113               	.L3:
 114               	.LSM14:
 115 0086 C901      		movw r24,r18
 116               	/* epilogue start */
 117 0088 0895      		ret
 118               	.LFE2:
 120               	.global	analog_reference_config_val
 121               		.data
 124               	analog_reference_config_val:
 125 0000 40        		.byte	64
 126               		.section	.progmem.data,"a",@progbits
 129               	adc_mapping:
 130 0000 00        		.byte	0
 131 0001 01        		.byte	1
 132 0002 04        		.byte	4
 133 0003 05        		.byte	5
 134 0004 06        		.byte	6
 135 0005 07        		.byte	7
 136 0006 0D        		.byte	13
 137 0007 0C        		.byte	12
 138 0008 0B        		.byte	11
 139 0009 0A        		.byte	10
 140 000a 09        		.byte	9
 141 000b 08        		.byte	8
 166               	.Letext0:
DEFINED SYMBOLS
                            *ABS*:00000000 analog.c
C:\Users\Scott\AppData\Local\Temp/ccsINLtS.s:2      *ABS*:0000003f __SREG__
C:\Users\Scott\AppData\Local\Temp/ccsINLtS.s:3      *ABS*:0000003e __SP_H__
C:\Users\Scott\AppData\Local\Temp/ccsINLtS.s:4      *ABS*:0000003d __SP_L__
C:\Users\Scott\AppData\Local\Temp/ccsINLtS.s:5      *ABS*:00000034 __CCP__
C:\Users\Scott\AppData\Local\Temp/ccsINLtS.s:6      *ABS*:00000000 __tmp_reg__
C:\Users\Scott\AppData\Local\Temp/ccsINLtS.s:7      *ABS*:00000001 __zero_reg__
C:\Users\Scott\AppData\Local\Temp/ccsINLtS.s:19     .text.analogRead:00000000 analogRead
C:\Users\Scott\AppData\Local\Temp/ccsINLtS.s:129    .progmem.data:00000000 adc_mapping
C:\Users\Scott\AppData\Local\Temp/ccsINLtS.s:124    .data:00000000 analog_reference_config_val

UNDEFINED SYMBOLS
__do_copy_data
