Archive member included because of file (symbol)

c:/winavr-20100110/bin/../lib/gcc/avr/4.3.3/avr51\libgcc.a(_exit.o)
                              c:/winavr-20100110/bin/../lib/gcc/avr/4.3.3/../../../../avr/lib/avr51/crtusb1286.o (exit)
c:/winavr-20100110/bin/../lib/gcc/avr/4.3.3/avr51\libgcc.a(_clear_bss.o)
                              example.o (__do_clear_bss)

Allocating common symbols
Common symbol       size              file

buffer              0x40              example.o

Discarded input sections

 .data          0x00000000        0x0 c:/winavr-20100110/bin/../lib/gcc/avr/4.3.3/../../../../avr/lib/avr51/crtusb1286.o
 .bss           0x00000000        0x0 c:/winavr-20100110/bin/../lib/gcc/avr/4.3.3/../../../../avr/lib/avr51/crtusb1286.o
 .text          0x00000000        0x0 example.o
 .data          0x00000000        0x0 example.o
 .text          0x00000000        0x0 usb_rawhid_debug.o
 .data          0x00000000        0x0 usb_rawhid_debug.o
 .text.usb_debug_flush_output
                0x00000000        0x0 usb_rawhid_debug.o
 .text          0x00000000        0x0 analog.o
 .bss           0x00000000        0x0 analog.o
 .text          0x00000000        0x0 print.o
 .data          0x00000000        0x0 print.o
 .bss           0x00000000        0x0 print.o
 .text          0x00000000        0x0 c:/winavr-20100110/bin/../lib/gcc/avr/4.3.3/avr51\libgcc.a(_exit.o)
 .data          0x00000000        0x0 c:/winavr-20100110/bin/../lib/gcc/avr/4.3.3/avr51\libgcc.a(_exit.o)
 .bss           0x00000000        0x0 c:/winavr-20100110/bin/../lib/gcc/avr/4.3.3/avr51\libgcc.a(_exit.o)
 .text.libgcc   0x00000000        0x0 c:/winavr-20100110/bin/../lib/gcc/avr/4.3.3/avr51\libgcc.a(_exit.o)
 .text          0x00000000        0x0 c:/winavr-20100110/bin/../lib/gcc/avr/4.3.3/avr51\libgcc.a(_clear_bss.o)
 .data          0x00000000        0x0 c:/winavr-20100110/bin/../lib/gcc/avr/4.3.3/avr51\libgcc.a(_clear_bss.o)
 .bss           0x00000000        0x0 c:/winavr-20100110/bin/../lib/gcc/avr/4.3.3/avr51\libgcc.a(_clear_bss.o)
 .text.libgcc   0x00000000        0x0 c:/winavr-20100110/bin/../lib/gcc/avr/4.3.3/avr51\libgcc.a(_clear_bss.o)

Memory Configuration

Name             Origin             Length             Attributes
text             0x00000000         0x00020000         xr
data             0x00800060         0x0000ffa0         rw !x
eeprom           0x00810000         0x00010000         rw !x
fuse             0x00820000         0x00000400         rw !x
lock             0x00830000         0x00000400         rw !x
signature        0x00840000         0x00000400         rw !x
*default*        0x00000000         0xffffffff

Linker script and memory map

Address of section .data set to 0x800100
LOAD c:/winavr-20100110/bin/../lib/gcc/avr/4.3.3/../../../../avr/lib/avr51/crtusb1286.o
LOAD example.o
LOAD usb_rawhid_debug.o
LOAD analog.o
LOAD print.o
LOAD c:/winavr-20100110/bin/../lib/gcc/avr/4.3.3/../../../../avr/lib/avr51\libm.a
LOAD c:/winavr-20100110/bin/../lib/gcc/avr/4.3.3/avr51\libgcc.a
LOAD c:/winavr-20100110/bin/../lib/gcc/avr/4.3.3/../../../../avr/lib/avr51\libc.a
LOAD c:/winavr-20100110/bin/../lib/gcc/avr/4.3.3/avr51\libgcc.a

.hash
 *(.hash)

.dynsym
 *(.dynsym)

.dynstr
 *(.dynstr)

.gnu.version
 *(.gnu.version)

.gnu.version_d
 *(.gnu.version_d)

.gnu.version_r
 *(.gnu.version_r)

.rel.init
 *(.rel.init)

.rela.init
 *(.rela.init)

.rel.text
 *(.rel.text)
 *(.rel.text.*)
 *(.rel.gnu.linkonce.t*)

.rela.text
 *(.rela.text)
 *(.rela.text.*)
 *(.rela.gnu.linkonce.t*)

.rel.fini
 *(.rel.fini)

.rela.fini
 *(.rela.fini)

.rel.rodata
 *(.rel.rodata)
 *(.rel.rodata.*)
 *(.rel.gnu.linkonce.r*)

.rela.rodata
 *(.rela.rodata)
 *(.rela.rodata.*)
 *(.rela.gnu.linkonce.r*)

.rel.data
 *(.rel.data)
 *(.rel.data.*)
 *(.rel.gnu.linkonce.d*)

.rela.data
 *(.rela.data)
 *(.rela.data.*)
 *(.rela.gnu.linkonce.d*)

.rel.ctors
 *(.rel.ctors)

.rela.ctors
 *(.rela.ctors)

.rel.dtors
 *(.rel.dtors)

.rela.dtors
 *(.rela.dtors)

.rel.got
 *(.rel.got)

.rela.got
 *(.rela.got)

.rel.bss
 *(.rel.bss)

.rela.bss
 *(.rela.bss)

.rel.plt
 *(.rel.plt)

.rela.plt
 *(.rela.plt)

.text           0x00000000      0xef6
 *(.vectors)
 .vectors       0x00000000       0x98 c:/winavr-20100110/bin/../lib/gcc/avr/4.3.3/../../../../avr/lib/avr51/crtusb1286.o
                0x00000000                __vectors
                0x00000000                __vector_default
 *(.vectors)
 *(.progmem.gcc*)
 *(.progmem*)
 .progmem.data  0x00000098       0x53 example.o
 .progmem.data  0x000000eb      0x114 usb_rawhid_debug.o
 .progmem.data  0x000001ff        0xc analog.o
                0x0000020c                . = ALIGN (0x2)
 *fill*         0x0000020b        0x1 00
                0x0000020c                __trampolines_start = .
 *(.trampolines)
 .trampolines   0x0000020c        0x0 linker stubs
 *(.trampolines*)
                0x0000020c                __trampolines_end = .
 *(.jumptables)
 *(.jumptables*)
 *(.lowtext)
 *(.lowtext*)
                0x0000020c                __ctors_start = .
 *(.ctors)
                0x0000020c                __ctors_end = .
                0x0000020c                __dtors_start = .
 *(.dtors)
                0x0000020c                __dtors_end = .
 SORT(*)(.ctors)
 SORT(*)(.dtors)
 *(.init0)
 .init0         0x0000020c        0x0 c:/winavr-20100110/bin/../lib/gcc/avr/4.3.3/../../../../avr/lib/avr51/crtusb1286.o
                0x0000020c                __init
 *(.init0)
 *(.init1)
 *(.init1)
 *(.init2)
 .init2         0x0000020c        0xc c:/winavr-20100110/bin/../lib/gcc/avr/4.3.3/../../../../avr/lib/avr51/crtusb1286.o
 *(.init2)
 *(.init3)
 *(.init3)
 *(.init4)
 .init4         0x00000218       0x1a c:/winavr-20100110/bin/../lib/gcc/avr/4.3.3/../../../../avr/lib/avr51/crtusb1286.o
                0x00000218                __do_copy_data
 .init4         0x00000232       0x10 c:/winavr-20100110/bin/../lib/gcc/avr/4.3.3/avr51\libgcc.a(_clear_bss.o)
                0x00000232                __do_clear_bss
 *(.init4)
 *(.init5)
 *(.init5)
 *(.init6)
 *(.init6)
 *(.init7)
 *(.init7)
 *(.init8)
 *(.init8)
 *(.init9)
 .init9         0x00000242        0x4 c:/winavr-20100110/bin/../lib/gcc/avr/4.3.3/../../../../avr/lib/avr51/crtusb1286.o
 *(.init9)
 *(.text)
 .text          0x00000246        0x2 c:/winavr-20100110/bin/../lib/gcc/avr/4.3.3/../../../../avr/lib/avr51/crtusb1286.o
                0x00000246                __vector_22
                0x00000246                __vector_28
                0x00000246                __vector_1
                0x00000246                __vector_32
                0x00000246                __vector_34
                0x00000246                __vector_24
                0x00000246                __vector_12
                0x00000246                __bad_interrupt
                0x00000246                __vector_6
                0x00000246                __vector_31
                0x00000246                __vector_35
                0x00000246                __vector_3
                0x00000246                __vector_30
                0x00000246                __vector_25
                0x00000246                __vector_13
                0x00000246                __vector_17
                0x00000246                __vector_19
                0x00000246                __vector_7
                0x00000246                __vector_27
                0x00000246                __vector_5
                0x00000246                __vector_33
                0x00000246                __vector_37
                0x00000246                __vector_4
                0x00000246                __vector_9
                0x00000246                __vector_2
                0x00000246                __vector_21
                0x00000246                __vector_15
                0x00000246                __vector_36
                0x00000246                __vector_29
                0x00000246                __vector_8
                0x00000246                __vector_26
                0x00000246                __vector_14
                0x00000246                __vector_16
                0x00000246                __vector_18
                0x00000246                __vector_20
                0x00000248                . = ALIGN (0x2)
 *(.text.*)
 .text.__vector_23
                0x00000248       0x30 example.o
                0x00000248                __vector_23
 .text.main     0x00000278       0xee example.o
                0x00000278                main
 .text.usb_init
                0x00000366       0x2e usb_rawhid_debug.o
                0x00000366                usb_init
 .text.usb_configured
                0x00000394        0x6 usb_rawhid_debug.o
                0x00000394                usb_configured
 .text.usb_rawhid_recv
                0x0000039a      0x304 usb_rawhid_debug.o
                0x0000039a                usb_rawhid_recv
 .text.usb_rawhid_send
                0x0000069e      0x304 usb_rawhid_debug.o
                0x0000069e                usb_rawhid_send
 .text.usb_debug_putchar
                0x000009a2       0x8c usb_rawhid_debug.o
                0x000009a2                usb_debug_putchar
 .text.__vector_10
                0x00000a2e       0x9c usb_rawhid_debug.o
                0x00000a2e                __vector_10
 .text.__vector_11
                0x00000aca      0x342 usb_rawhid_debug.o
                0x00000aca                __vector_11
 .text.analogRead
                0x00000e0c       0x8a analog.o
                0x00000e0c                analogRead
 .text.phex1    0x00000e96       0x10 print.o
                0x00000e96                phex1
 .text.phex     0x00000ea6       0x14 print.o
                0x00000ea6                phex
 .text.phex16   0x00000eba       0x10 print.o
                0x00000eba                phex16
 .text.print_P  0x00000eca       0x28 print.o
                0x00000eca                print_P
                0x00000ef2                . = ALIGN (0x2)
 *(.fini9)
 .fini9         0x00000ef2        0x0 c:/winavr-20100110/bin/../lib/gcc/avr/4.3.3/avr51\libgcc.a(_exit.o)
                0x00000ef2                exit
                0x00000ef2                _exit
 *(.fini9)
 *(.fini8)
 *(.fini8)
 *(.fini7)
 *(.fini7)
 *(.fini6)
 *(.fini6)
 *(.fini5)
 *(.fini5)
 *(.fini4)
 *(.fini4)
 *(.fini3)
 *(.fini3)
 *(.fini2)
 *(.fini2)
 *(.fini1)
 *(.fini1)
 *(.fini0)
 .fini0         0x00000ef2        0x4 c:/winavr-20100110/bin/../lib/gcc/avr/4.3.3/avr51\libgcc.a(_exit.o)
 *(.fini0)
                0x00000ef6                _etext = .

.data           0x00800100        0x2 load address 0x00000ef6
                0x00800100                PROVIDE (__data_start, .)
 *(.data)
 .data          0x00800100        0x1 analog.o
                0x00800100                analog_reference_config_val
 *(.data*)
 *(.rodata)
 *(.rodata*)
 *(.gnu.linkonce.d*)
                0x00800102                . = ALIGN (0x2)
 *fill*         0x00800101        0x1 00
                0x00800102                _edata = .
                0x00800102                PROVIDE (__data_end, .)

.bss            0x00800102       0x47
                0x00800102                PROVIDE (__bss_start, .)
 *(.bss)
 .bss           0x00800102        0x2 example.o
                0x00800102                do_output
 .bss           0x00800104        0x5 usb_rawhid_debug.o
 *(.bss*)
 *(COMMON)
 COMMON         0x00800109       0x40 example.o
                0x00800109                buffer
                0x00800149                PROVIDE (__bss_end, .)
                0x00000ef6                __data_load_start = LOADADDR (.data)
                0x00000ef8                __data_load_end = (__data_load_start + SIZEOF (.data))

.noinit         0x00800149        0x0
                0x00800149                PROVIDE (__noinit_start, .)
 *(.noinit*)
                0x00800149                PROVIDE (__noinit_end, .)
                0x00800149                _end = .
                0x00800149                PROVIDE (__heap_start, .)

.eeprom         0x00810000        0x0
 *(.eeprom*)
                0x00810000                __eeprom_end = .

.fuse
 *(.fuse)
 *(.lfuse)
 *(.hfuse)
 *(.efuse)

.lock
 *(.lock*)

.signature
 *(.signature*)

.stab
 *(.stab)

.stabstr
 *(.stabstr)

.stab.excl
 *(.stab.excl)

.stab.exclstr
 *(.stab.exclstr)

.stab.index
 *(.stab.index)

.stab.indexstr
 *(.stab.indexstr)

.comment
 *(.comment)

.debug
 *(.debug)

.line
 *(.line)

.debug_srcinfo
 *(.debug_srcinfo)

.debug_sfnames
 *(.debug_sfnames)

.debug_aranges  0x00000000       0xd8
 *(.debug_aranges)
 .debug_aranges
                0x00000000       0x28 example.o
 .debug_aranges
                0x00000028       0x58 usb_rawhid_debug.o
 .debug_aranges
                0x00000080       0x20 analog.o
 .debug_aranges
                0x000000a0       0x38 print.o

.debug_pubnames
                0x00000000      0x16c
 *(.debug_pubnames)
 .debug_pubnames
                0x00000000       0x44 example.o
 .debug_pubnames
                0x00000044       0xab usb_rawhid_debug.o
 .debug_pubnames
                0x000000ef       0x41 analog.o
 .debug_pubnames
                0x00000130       0x3c print.o

.debug_info     0x00000000      0xc5e
 *(.debug_info)
 .debug_info    0x00000000      0x2b4 example.o
 .debug_info    0x000002b4      0x730 usb_rawhid_debug.o
 .debug_info    0x000009e4      0x124 analog.o
 .debug_info    0x00000b08      0x156 print.o
 *(.gnu.linkonce.wi.*)

.debug_abbrev   0x00000000      0x478
 *(.debug_abbrev)
 .debug_abbrev  0x00000000      0x156 example.o
 .debug_abbrev  0x00000156      0x1ae usb_rawhid_debug.o
 .debug_abbrev  0x00000304       0xd7 analog.o
 .debug_abbrev  0x000003db       0x9d print.o

.debug_line     0x00000000     0x1090
 *(.debug_line)
 .debug_line    0x00000000      0x262 example.o
 .debug_line    0x00000262      0xbef usb_rawhid_debug.o
 .debug_line    0x00000e51      0x105 analog.o
 .debug_line    0x00000f56      0x13a print.o

.debug_frame    0x00000000      0x130
 *(.debug_frame)
 .debug_frame   0x00000000       0x30 example.o
 .debug_frame   0x00000030       0x90 usb_rawhid_debug.o
 .debug_frame   0x000000c0       0x20 analog.o
 .debug_frame   0x000000e0       0x50 print.o

.debug_str      0x00000000      0x3b3
 *(.debug_str)
 .debug_str     0x00000000       0xde example.o
                                0x124 (size before relaxing)
 .debug_str     0x000000de      0x277 usb_rawhid_debug.o
                                0x352 (size before relaxing)
 .debug_str     0x00000355       0x3c analog.o
                                 0xfa (size before relaxing)
 .debug_str     0x00000391       0x22 print.o
                                 0xe5 (size before relaxing)

.debug_loc      0x00000000      0xf7d
 *(.debug_loc)
 .debug_loc     0x00000000       0x59 example.o
 .debug_loc     0x00000059      0xdd0 usb_rawhid_debug.o
 .debug_loc     0x00000e29       0x67 analog.o
 .debug_loc     0x00000e90       0xed print.o

.debug_macinfo
 *(.debug_macinfo)
OUTPUT(example.elf elf32-avr)
LOAD linker stubs

.debug_ranges   0x00000000      0x118
 .debug_ranges  0x00000000       0x20 example.o
 .debug_ranges  0x00000020       0xb0 usb_rawhid_debug.o
 .debug_ranges  0x000000d0       0x18 analog.o
 .debug_ranges  0x000000e8       0x30 print.o

Cross Reference Table

Symbol                                            File
__bad_interrupt                                   c:/winavr-20100110/bin/../lib/gcc/avr/4.3.3/../../../../avr/lib/avr51/crtusb1286.o
__bss_end                                         c:/winavr-20100110/bin/../lib/gcc/avr/4.3.3/avr51\libgcc.a(_clear_bss.o)
__bss_start                                       c:/winavr-20100110/bin/../lib/gcc/avr/4.3.3/avr51\libgcc.a(_clear_bss.o)
__data_end                                        c:/winavr-20100110/bin/../lib/gcc/avr/4.3.3/../../../../avr/lib/avr51/crtusb1286.o
__data_load_start                                 c:/winavr-20100110/bin/../lib/gcc/avr/4.3.3/../../../../avr/lib/avr51/crtusb1286.o
__data_start                                      c:/winavr-20100110/bin/../lib/gcc/avr/4.3.3/../../../../avr/lib/avr51/crtusb1286.o
__do_clear_bss                                    c:/winavr-20100110/bin/../lib/gcc/avr/4.3.3/avr51\libgcc.a(_clear_bss.o)
                                                  usb_rawhid_debug.o
                                                  example.o
__do_copy_data                                    c:/winavr-20100110/bin/../lib/gcc/avr/4.3.3/../../../../avr/lib/avr51/crtusb1286.o
                                                  analog.o
__heap_end                                        c:/winavr-20100110/bin/../lib/gcc/avr/4.3.3/../../../../avr/lib/avr51/crtusb1286.o
__init                                            c:/winavr-20100110/bin/../lib/gcc/avr/4.3.3/../../../../avr/lib/avr51/crtusb1286.o
__stack                                           c:/winavr-20100110/bin/../lib/gcc/avr/4.3.3/../../../../avr/lib/avr51/crtusb1286.o
__vector_1                                        c:/winavr-20100110/bin/../lib/gcc/avr/4.3.3/../../../../avr/lib/avr51/crtusb1286.o
__vector_10                                       usb_rawhid_debug.o
                                                  c:/winavr-20100110/bin/../lib/gcc/avr/4.3.3/../../../../avr/lib/avr51/crtusb1286.o
__vector_11                                       usb_rawhid_debug.o
                                                  c:/winavr-20100110/bin/../lib/gcc/avr/4.3.3/../../../../avr/lib/avr51/crtusb1286.o
__vector_12                                       c:/winavr-20100110/bin/../lib/gcc/avr/4.3.3/../../../../avr/lib/avr51/crtusb1286.o
__vector_13                                       c:/winavr-20100110/bin/../lib/gcc/avr/4.3.3/../../../../avr/lib/avr51/crtusb1286.o
__vector_14                                       c:/winavr-20100110/bin/../lib/gcc/avr/4.3.3/../../../../avr/lib/avr51/crtusb1286.o
__vector_15                                       c:/winavr-20100110/bin/../lib/gcc/avr/4.3.3/../../../../avr/lib/avr51/crtusb1286.o
__vector_16                                       c:/winavr-20100110/bin/../lib/gcc/avr/4.3.3/../../../../avr/lib/avr51/crtusb1286.o
__vector_17                                       c:/winavr-20100110/bin/../lib/gcc/avr/4.3.3/../../../../avr/lib/avr51/crtusb1286.o
__vector_18                                       c:/winavr-20100110/bin/../lib/gcc/avr/4.3.3/../../../../avr/lib/avr51/crtusb1286.o
__vector_19                                       c:/winavr-20100110/bin/../lib/gcc/avr/4.3.3/../../../../avr/lib/avr51/crtusb1286.o
__vector_2                                        c:/winavr-20100110/bin/../lib/gcc/avr/4.3.3/../../../../avr/lib/avr51/crtusb1286.o
__vector_20                                       c:/winavr-20100110/bin/../lib/gcc/avr/4.3.3/../../../../avr/lib/avr51/crtusb1286.o
__vector_21                                       c:/winavr-20100110/bin/../lib/gcc/avr/4.3.3/../../../../avr/lib/avr51/crtusb1286.o
__vector_22                                       c:/winavr-20100110/bin/../lib/gcc/avr/4.3.3/../../../../avr/lib/avr51/crtusb1286.o
__vector_23                                       example.o
                                                  c:/winavr-20100110/bin/../lib/gcc/avr/4.3.3/../../../../avr/lib/avr51/crtusb1286.o
__vector_24                                       c:/winavr-20100110/bin/../lib/gcc/avr/4.3.3/../../../../avr/lib/avr51/crtusb1286.o
__vector_25                                       c:/winavr-20100110/bin/../lib/gcc/avr/4.3.3/../../../../avr/lib/avr51/crtusb1286.o
__vector_26                                       c:/winavr-20100110/bin/../lib/gcc/avr/4.3.3/../../../../avr/lib/avr51/crtusb1286.o
__vector_27                                       c:/winavr-20100110/bin/../lib/gcc/avr/4.3.3/../../../../avr/lib/avr51/crtusb1286.o
__vector_28                                       c:/winavr-20100110/bin/../lib/gcc/avr/4.3.3/../../../../avr/lib/avr51/crtusb1286.o
__vector_29                                       c:/winavr-20100110/bin/../lib/gcc/avr/4.3.3/../../../../avr/lib/avr51/crtusb1286.o
__vector_3                                        c:/winavr-20100110/bin/../lib/gcc/avr/4.3.3/../../../../avr/lib/avr51/crtusb1286.o
__vector_30                                       c:/winavr-20100110/bin/../lib/gcc/avr/4.3.3/../../../../avr/lib/avr51/crtusb1286.o
__vector_31                                       c:/winavr-20100110/bin/../lib/gcc/avr/4.3.3/../../../../avr/lib/avr51/crtusb1286.o
__vector_32                                       c:/winavr-20100110/bin/../lib/gcc/avr/4.3.3/../../../../avr/lib/avr51/crtusb1286.o
__vector_33                                       c:/winavr-20100110/bin/../lib/gcc/avr/4.3.3/../../../../avr/lib/avr51/crtusb1286.o
__vector_34                                       c:/winavr-20100110/bin/../lib/gcc/avr/4.3.3/../../../../avr/lib/avr51/crtusb1286.o
__vector_35                                       c:/winavr-20100110/bin/../lib/gcc/avr/4.3.3/../../../../avr/lib/avr51/crtusb1286.o
__vector_36                                       c:/winavr-20100110/bin/../lib/gcc/avr/4.3.3/../../../../avr/lib/avr51/crtusb1286.o
__vector_37                                       c:/winavr-20100110/bin/../lib/gcc/avr/4.3.3/../../../../avr/lib/avr51/crtusb1286.o
__vector_4                                        c:/winavr-20100110/bin/../lib/gcc/avr/4.3.3/../../../../avr/lib/avr51/crtusb1286.o
__vector_5                                        c:/winavr-20100110/bin/../lib/gcc/avr/4.3.3/../../../../avr/lib/avr51/crtusb1286.o
__vector_6                                        c:/winavr-20100110/bin/../lib/gcc/avr/4.3.3/../../../../avr/lib/avr51/crtusb1286.o
__vector_7                                        c:/winavr-20100110/bin/../lib/gcc/avr/4.3.3/../../../../avr/lib/avr51/crtusb1286.o
__vector_8                                        c:/winavr-20100110/bin/../lib/gcc/avr/4.3.3/../../../../avr/lib/avr51/crtusb1286.o
__vector_9                                        c:/winavr-20100110/bin/../lib/gcc/avr/4.3.3/../../../../avr/lib/avr51/crtusb1286.o
__vector_default                                  c:/winavr-20100110/bin/../lib/gcc/avr/4.3.3/../../../../avr/lib/avr51/crtusb1286.o
__vectors                                         c:/winavr-20100110/bin/../lib/gcc/avr/4.3.3/../../../../avr/lib/avr51/crtusb1286.o
_exit                                             c:/winavr-20100110/bin/../lib/gcc/avr/4.3.3/avr51\libgcc.a(_exit.o)
analogRead                                        analog.o
                                                  example.o
analog_reference_config_val                       analog.o
buffer                                            example.o
do_output                                         example.o
exit                                              c:/winavr-20100110/bin/../lib/gcc/avr/4.3.3/avr51\libgcc.a(_exit.o)
                                                  c:/winavr-20100110/bin/../lib/gcc/avr/4.3.3/../../../../avr/lib/avr51/crtusb1286.o
main                                              example.o
                                                  c:/winavr-20100110/bin/../lib/gcc/avr/4.3.3/../../../../avr/lib/avr51/crtusb1286.o
phex                                              print.o
                                                  example.o
phex1                                             print.o
phex16                                            print.o
                                                  example.o
print_P                                           print.o
                                                  example.o
usb_configured                                    usb_rawhid_debug.o
                                                  example.o
usb_debug_flush_output                            usb_rawhid_debug.o
usb_debug_putchar                                 usb_rawhid_debug.o
                                                  print.o
usb_init                                          usb_rawhid_debug.o
                                                  example.o
usb_rawhid_recv                                   usb_rawhid_debug.o
                                                  example.o
usb_rawhid_send                                   usb_rawhid_debug.o
                                                  example.o
